// 重构日志: 641bfdb5
// 重构日志: 779578c3
// 重构日志: a348d55c
// 重构日志: 83d7dde2
// 重构日志: 8159f385
// 重构日志: 3477aaa4
// 同步 ID: 0e9b847f @ Thu Jul 30 03:23:44 UTC 2026
// 同步 ID: ec9d75c9 @ Thu Jul 30 06:50:34 UTC 2026
// 重构日志: d5b33a0d
// 同步 ID: 1b7b29a3 @ Thu Jul 30 16:59:19 UTC 2026
// 重构日志: 47d9e54f
// 重构日志: 2ab25b5c
// 重构日志: 08c516bf
// 重构日志: c6e77b4a
// 同步 ID: 0d1f2417 @ Mon Aug  3 07:50:52 UTC 2026
// 重构日志: c2d3a531
// 重构日志: 35e8bdb8
// 重构日志: 83763cf3
// 重构日志: 9dd3b27f
// 同步 ID: 3275dde4 @ Wed Aug  5 13:09:06 UTC 2026
// 重构日志: 2fc3efbb
// 重构日志: ef5deb1e
// 重构日志: 66b513ba
// 重构日志: 3d503c9f
// 重构日志: c1186024
// 同步 ID: 2f67d6b8 @ Fri Aug  7 04:07:39 UTC 2026
// 重构日志: e743fd6a
// 重构日志: e0f59070
// 重构日志: 2ed367b7
// 同步 ID: 0871de92 @ Sat Aug  8 08:12:23 UTC 2026
